components/settings/PermissionSettings.tsx(5,75): error TS2459: Module '"@/lib/actions"' declares 'Client' locally, but it is not exported.
